src/app/(protected)/layout.test.tsx(6,20): error TS2304: Cannot find name 'vi'.
src/app/(protected)/layout.test.tsx(8,1): error TS2304: Cannot find name 'vi'.
src/app/(protected)/layout.test.tsx(15,1): error TS2304: Cannot find name 'vi'.
src/app/(protected)/layout.test.tsx(16,10): error TS2304: Cannot find name 'vi'.
src/app/(protected)/layout.test.tsx(40,11): error TS2304: Cannot find name 'vi'.
src/app/(protected)/layout.test.tsx(43,1): error TS2582: Cannot find name 'describe'. Do you need to install type definitions for a test runner? Try `npm i --save-dev @types/jest` or `npm i --save-dev @types/mocha`.
src/app/(protected)/layout.test.tsx(44,3): error TS2304: Cannot find name 'beforeEach'.
src/app/(protected)/layout.test.tsx(49,3): error TS2582: Cannot find name 'it'. Do you need to install type definitions for a test runner? Try `npm i --save-dev @types/jest` or `npm i --save-dev @types/mocha`.
src/app/(protected)/layout.test.tsx(67,7): error TS2304: Cannot find name 'expect'.
src/components/app-sidebar.test.tsx(8,1): error TS2304: Cannot find name 'vi'.
src/components/app-sidebar.test.tsx(12,1): error TS2304: Cannot find name 'vi'.
src/components/app-sidebar.test.tsx(24,1): error TS2582: Cannot find name 'describe'. Do you need to install type definitions for a test runner? Try `npm i --save-dev @types/jest` or `npm i --save-dev @types/mocha`.
src/components/app-sidebar.test.tsx(25,3): error TS2304: Cannot find name 'beforeEach'.
src/components/app-sidebar.test.tsx(29,3): error TS2582: Cannot find name 'it'. Do you need to install type definitions for a test runner? Try `npm i --save-dev @types/jest` or `npm i --save-dev @types/mocha`.
src/components/app-sidebar.test.tsx(46,29): error TS2304: Cannot find name 'vi'.
src/components/app-sidebar.test.tsx(47,26): error TS2304: Cannot find name 'vi'.
src/components/app-sidebar.test.tsx(48,21): error TS2304: Cannot find name 'vi'.
src/components/app-sidebar.test.tsx(53,5): error TS2304: Cannot find name 'expect'.
src/components/app-sidebar.test.tsx(54,5): error TS2304: Cannot find name 'expect'.
src/components/app-sidebar.test.tsx(55,5): error TS2304: Cannot find name 'expect'.
src/components/app-sidebar.test.tsx(56,5): error TS2304: Cannot find name 'expect'.
src/components/permissions-editor.test.tsx(6,1): error TS2582: Cannot find name 'describe'. Do you need to install type definitions for a test runner? Try `npm i --save-dev @types/jest` or `npm i --save-dev @types/mocha`.
src/components/permissions-editor.test.tsx(7,3): error TS2582: Cannot find name 'it'. Do you need to install type definitions for a test runner? Try `npm i --save-dev @types/jest` or `npm i --save-dev @types/mocha`.
src/components/permissions-editor.test.tsx(14,17): error TS2304: Cannot find name 'vi'.
src/components/permissions-editor.test.tsx(19,7): error TS2304: Cannot find name 'expect'.
src/components/permissions-editor.test.tsx(23,3): error TS2582: Cannot find name 'it'. Do you need to install type definitions for a test runner? Try `npm i --save-dev @types/jest` or `npm i --save-dev @types/mocha`.
src/components/permissions-editor.test.tsx(25,20): error TS2304: Cannot find name 'vi'.
src/components/permissions-editor.test.tsx(43,5): error TS2304: Cannot find name 'expect'.
src/components/permissions-editor.test.tsx(46,5): error TS2304: Cannot find name 'expect'.
src/components/permissions-editor.test.tsx(47,5): error TS2304: Cannot find name 'expect'.
src/components/permissions-editor.test.tsx(48,5): error TS2304: Cannot find name 'expect'.
src/components/permissions-editor.test.tsx(49,5): error TS2304: Cannot find name 'expect'.
src/components/permissions-editor.test.tsx(50,5): error TS2304: Cannot find name 'expect'.
src/components/permissions-editor.test.tsx(53,3): error TS2582: Cannot find name 'it'. Do you need to install type definitions for a test runner? Try `npm i --save-dev @types/jest` or `npm i --save-dev @types/mocha`.
src/components/permissions-editor.test.tsx(55,20): error TS2304: Cannot find name 'vi'.
src/components/permissions-editor.test.tsx(73,5): error TS2304: Cannot find name 'expect'.
src/lib/auth-session.test.ts(11,1): error TS2582: Cannot find name 'describe'. Do you need to install type definitions for a test runner? Try `npm i --save-dev @types/jest` or `npm i --save-dev @types/mocha`.
src/lib/auth-session.test.ts(12,3): error TS2304: Cannot find name 'beforeEach'.
src/lib/auth-session.test.ts(16,3): error TS2582: Cannot find name 'it'. Do you need to install type definitions for a test runner? Try `npm i --save-dev @types/jest` or `npm i --save-dev @types/mocha`.
src/lib/auth-session.test.ts(29,5): error TS2304: Cannot find name 'expect'.
src/lib/auth-session.test.ts(30,5): error TS2304: Cannot find name 'expect'.
src/lib/auth-session.test.ts(31,5): error TS2304: Cannot find name 'expect'.
src/lib/auth-session.test.ts(34,3): error TS2582: Cannot find name 'it'. Do you need to install type definitions for a test runner? Try `npm i --save-dev @types/jest` or `npm i --save-dev @types/mocha`.
src/lib/auth-session.test.ts(35,22): error TS2304: Cannot find name 'vi'.
src/lib/auth-session.test.ts(54,5): error TS2304: Cannot find name 'expect'.
src/lib/auth-session.test.ts(55,5): error TS2304: Cannot find name 'expect'.
src/lib/auth-session.test.ts(56,5): error TS2304: Cannot find name 'expect'.
src/lib/auth-session.test.ts(57,5): error TS2304: Cannot find name 'expect'.
src/lib/auth-session.test.ts(62,3): error TS2582: Cannot find name 'it'. Do you need to install type definitions for a test runner? Try `npm i --save-dev @types/jest` or `npm i --save-dev @types/mocha`.
src/lib/auth-session.test.ts(73,5): error TS2304: Cannot find name 'expect'.
src/lib/auth-session.test.ts(74,5): error TS2304: Cannot find name 'expect'.
src/lib/permissions.test.ts(16,1): error TS2582: Cannot find name 'describe'. Do you need to install type definitions for a test runner? Try `npm i --save-dev @types/jest` or `npm i --save-dev @types/mocha`.
src/lib/permissions.test.ts(17,3): error TS2582: Cannot find name 'it'. Do you need to install type definitions for a test runner? Try `npm i --save-dev @types/jest` or `npm i --save-dev @types/mocha`.
src/lib/permissions.test.ts(23,5): error TS2304: Cannot find name 'expect'.
src/lib/permissions.test.ts(24,5): error TS2304: Cannot find name 'expect'.
src/lib/permissions.test.ts(25,5): error TS2304: Cannot find name 'expect'.
src/lib/permissions.test.ts(26,5): error TS2304: Cannot find name 'expect'.
src/lib/permissions.test.ts(29,3): error TS2582: Cannot find name 'it'. Do you need to install type definitions for a test runner? Try `npm i --save-dev @types/jest` or `npm i --save-dev @types/mocha`.
src/lib/permissions.test.ts(30,5): error TS2304: Cannot find name 'expect'.
src/lib/permissions.test.ts(34,5): error TS2304: Cannot find name 'expect'.
src/lib/permissions.test.ts(38,5): error TS2304: Cannot find name 'expect'.
src/lib/permissions.test.ts(42,5): error TS2304: Cannot find name 'expect'.
src/lib/permissions.test.ts(46,5): error TS2304: Cannot find name 'expect'.
src/lib/permissions.test.ts(52,3): error TS2582: Cannot find name 'it'. Do you need to install type definitions for a test runner? Try `npm i --save-dev @types/jest` or `npm i --save-dev @types/mocha`.
src/lib/permissions.test.ts(58,5): error TS2304: Cannot find name 'expect'.
src/lib/permissions.test.ts(59,5): error TS2304: Cannot find name 'expect'.
src/lib/permissions.test.ts(60,5): error TS2304: Cannot find name 'expect'.
src/lib/permissions.test.ts(61,5): error TS2304: Cannot find name 'expect'.
src/lib/permissions.test.ts(62,5): error TS2304: Cannot find name 'expect'.
src/lib/permissions.test.ts(65,3): error TS2582: Cannot find name 'it'. Do you need to install type definitions for a test runner? Try `npm i --save-dev @types/jest` or `npm i --save-dev @types/mocha`.
src/lib/permissions.test.ts(71,5): error TS2304: Cannot find name 'expect'.
